// Jest Snapshot v1, https://goo.gl/fbAQLP

exports[`Testing Profile Page Testing profile renders correctly 1`] = `ShallowWrapper {}`;
