// Jest Snapshot v1, https://goo.gl/fbAQLP

exports[`General Home Component Testing Home renders correctly 1`] = `
<RCTSafeAreaView
  style={
    Object {
      "backgroundColor": "#FFBE0B",
      "flex": 1,
      "fontSize": 20,
      "justifyContent": "center",
    }
  }
  testID="generalHome"
>
  <View
    style={
      Object {
        "alignItems": "center",
        "justifyContent": "center",
      }
    }
  >
    <Text />
    <View
      accessibilityState={
        Object {
          "disabled": false,
        }
      }
      accessible={true}
      collapsable={false}
      focusable={true}
      onClick={[Function]}
      onResponderGrant={[Function]}
      onResponderMove={[Function]}
      onResponderRelease={[Function]}
      onResponderTerminate={[Function]}
      onResponderTerminationRequest={[Function]}
      onStartShouldSetResponder={[Function]}
      style={
        Object {
          "alignItems": "center",
          "borderRadius": 100,
          "height": 200,
          "marginBottom": 5,
          "opacity": 1,
          "width": 200,
        }
      }
      testID="logoButton"
    >
      <Image
        source={1}
        style={
          Object {
            "height": 143,
            "width": 94,
          }
        }
      />
    </View>
    <View
      accessible={true}
      collapsable={false}
      focusable={true}
      onClick={[Function]}
      onResponderGrant={[Function]}
      onResponderMove={[Function]}
      onResponderRelease={[Function]}
      onResponderTerminate={[Function]}
      onResponderTerminationRequest={[Function]}
      onStartShouldSetResponder={[Function]}
      style={
        Object {
          "backgroundColor": "#DEB27C",
          "borderRadius": 10,
          "marginBottom": 15,
          "opacity": 1,
          "paddingBottom": 3,
          "paddingLeft": 30,
          "paddingRight": 30,
          "paddingTop": 3,
        }
      }
      testID="loginButton"
    >
      <Text
        style={
          Object {
            "color": "#FFFEFE",
            "fontSize": 20,
          }
        }
      >
        LOGIN
      </Text>
    </View>
    <View
      accessible={true}
      collapsable={false}
      focusable={true}
      onClick={[Function]}
      onResponderGrant={[Function]}
      onResponderMove={[Function]}
      onResponderRelease={[Function]}
      onResponderTerminate={[Function]}
      onResponderTerminationRequest={[Function]}
      onStartShouldSetResponder={[Function]}
      style={
        Object {
          "opacity": 1,
        }
      }
      testID="signUpButton"
    >
      <Text
        style={
          Object {
            "color": "#FFFEFE",
            "fontSize": 20,
          }
        }
      >
        SIGN UP
      </Text>
    </View>
  </View>
</RCTSafeAreaView>
`;

exports[`General Home Components Testing Home renders correctly 1`] = `
<RCTSafeAreaView
  style={
    Object {
      "backgroundColor": "#FFBE0B",
      "flex": 1,
      "fontSize": 20,
      "justifyContent": "center",
    }
  }
  testID="generalHome"
>
  <View
    style={
      Object {
        "alignItems": "center",
        "justifyContent": "center",
      }
    }
  >
    <Text />
    <View
      accessibilityState={
        Object {
          "disabled": false,
        }
      }
      accessible={true}
      collapsable={false}
      focusable={true}
      onClick={[Function]}
      onResponderGrant={[Function]}
      onResponderMove={[Function]}
      onResponderRelease={[Function]}
      onResponderTerminate={[Function]}
      onResponderTerminationRequest={[Function]}
      onStartShouldSetResponder={[Function]}
      style={
        Object {
          "alignItems": "center",
          "borderRadius": 100,
          "height": 200,
          "marginBottom": 5,
          "opacity": 1,
          "width": 200,
        }
      }
      testID="logoButton"
    >
      <Image
        source={1}
        style={
          Object {
            "height": 143,
            "width": 94,
          }
        }
      />
    </View>
    <View
      accessible={true}
      collapsable={false}
      focusable={true}
      onClick={[Function]}
      onResponderGrant={[Function]}
      onResponderMove={[Function]}
      onResponderRelease={[Function]}
      onResponderTerminate={[Function]}
      onResponderTerminationRequest={[Function]}
      onStartShouldSetResponder={[Function]}
      style={
        Object {
          "backgroundColor": "#DEB27C",
          "borderRadius": 10,
          "marginBottom": 15,
          "opacity": 1,
          "paddingBottom": 3,
          "paddingLeft": 30,
          "paddingRight": 30,
          "paddingTop": 3,
        }
      }
      testID="loginButton"
    >
      <Text
        style={
          Object {
            "color": "#FFFEFE",
            "fontSize": 20,
          }
        }
      >
        LOGIN
      </Text>
    </View>
    <View
      accessible={true}
      collapsable={false}
      focusable={true}
      onClick={[Function]}
      onResponderGrant={[Function]}
      onResponderMove={[Function]}
      onResponderRelease={[Function]}
      onResponderTerminate={[Function]}
      onResponderTerminationRequest={[Function]}
      onStartShouldSetResponder={[Function]}
      style={
        Object {
          "opacity": 1,
        }
      }
      testID="signUpButton"
    >
      <Text
        style={
          Object {
            "color": "#FFFEFE",
            "fontSize": 20,
          }
        }
      >
        SIGN UP
      </Text>
    </View>
  </View>
</RCTSafeAreaView>
`;

exports[`General Home Testing Home renders correctly 1`] = `
<RCTSafeAreaView
  style={
    Object {
      "backgroundColor": "#FFBE0B",
      "flex": 1,
      "fontSize": 20,
      "justifyContent": "center",
    }
  }
  testID="generalHome"
>
  <View
    style={
      Object {
        "alignItems": "center",
        "justifyContent": "center",
      }
    }
  >
    <Text />
    <View
      accessibilityState={
        Object {
          "disabled": false,
        }
      }
      accessible={true}
      collapsable={false}
      focusable={true}
      onClick={[Function]}
      onResponderGrant={[Function]}
      onResponderMove={[Function]}
      onResponderRelease={[Function]}
      onResponderTerminate={[Function]}
      onResponderTerminationRequest={[Function]}
      onStartShouldSetResponder={[Function]}
      style={
        Object {
          "alignItems": "center",
          "borderRadius": 100,
          "height": 200,
          "marginBottom": 5,
          "opacity": 1,
          "width": 200,
        }
      }
      testID="logoButton"
    >
      <Image
        source={1}
        style={
          Object {
            "height": 143,
            "width": 94,
          }
        }
      />
    </View>
    <View
      accessible={true}
      collapsable={false}
      focusable={true}
      onClick={[Function]}
      onResponderGrant={[Function]}
      onResponderMove={[Function]}
      onResponderRelease={[Function]}
      onResponderTerminate={[Function]}
      onResponderTerminationRequest={[Function]}
      onStartShouldSetResponder={[Function]}
      style={
        Object {
          "backgroundColor": "#DEB27C",
          "borderRadius": 10,
          "marginBottom": 15,
          "opacity": 1,
          "paddingBottom": 3,
          "paddingLeft": 30,
          "paddingRight": 30,
          "paddingTop": 3,
        }
      }
      testID="loginButton"
    >
      <Text
        style={
          Object {
            "color": "#FFFEFE",
            "fontSize": 20,
          }
        }
      >
        LOGIN
      </Text>
    </View>
    <View
      accessible={true}
      collapsable={false}
      focusable={true}
      onClick={[Function]}
      onResponderGrant={[Function]}
      onResponderMove={[Function]}
      onResponderRelease={[Function]}
      onResponderTerminate={[Function]}
      onResponderTerminationRequest={[Function]}
      onStartShouldSetResponder={[Function]}
      style={
        Object {
          "opacity": 1,
        }
      }
      testID="signUpButton"
    >
      <Text
        style={
          Object {
            "color": "#FFFEFE",
            "fontSize": 20,
          }
        }
      >
        SIGN UP
      </Text>
    </View>
  </View>
</RCTSafeAreaView>
`;
